// Jest Snapshot v1, https://goo.gl/fbAQLP

exports[`renders 1`] = `
<DocumentFragment>
  <header
    class="Header"
  >
    <h1>
      Customer Feedback
    </h1>
  </header>
</DocumentFragment>
`;
